Starting test...
Test result: 2
Test passed!
