

  Simple Test
Running test...
Test passed!
    ✔ should pass


  1 passing (3ms)

